V1: inf
V2: inf
V3: inf
V4: inf
V5: inf
V6: inf
V7: inf
Move selected: 1
NODE ADDED
TERMINAL NODE VALUE: 1
V1: -1.00
V2: inf
V3: inf
V4: inf
V5: inf
V6: inf
V7: inf
Move selected: 2
NODE ADDED
TERMINAL NODE VALUE: 1
V1: 0.18
V2: 0.18
V3: inf
V4: inf
V5: inf
V6: inf
V7: inf
Move selected: 3
NODE ADDED
TERMINAL NODE VALUE: -1
V1: 0.48
V2: 0.48
V3: 2.48
V4: inf
V5: inf
V6: inf
V7: inf
Move selected: 4
NODE ADDED
TERMINAL NODE VALUE: -1
V1: 0.67
V2: 0.67
V3: 2.67
V4: 2.67
V5: inf
V6: inf
V7: inf
Move selected: 5
NODE ADDED
TERMINAL NODE VALUE: -1
V1: 0.79
V2: 0.79
V3: 2.79
V4: 2.79
V5: 2.79
V6: inf
V7: inf
Move selected: 6
NODE ADDED
TERMINAL NODE VALUE: -1
V1: 0.89
V2: 0.89
V3: 2.89
V4: 2.89
V5: 2.89
V6: 2.89
V7: inf
Move selected: 7
NODE ADDED
TERMINAL NODE VALUE: -1
V1: 0.97
V2: 0.97
V3: 2.97
V4: 2.97
V5: 2.97
V6: 2.97
V7: 2.97
Move selected: 3
NODE ADDED
TERMINAL NODE VALUE: 1
V1: 1.04
V2: 1.04
V3: 1.44
V4: 3.04
V5: 3.04
V6: 3.04
V7: 3.04
Move selected: 4
NODE ADDED
TERMINAL NODE VALUE: -1
V1: 1.10
V2: 1.10
V3: 1.48
V4: 2.48
V5: 3.10
V6: 3.10
V7: 3.10
Move selected: 5
NODE ADDED
TERMINAL NODE VALUE: -1
V1: 1.15
V2: 1.15
V3: 1.52
V4: 2.52
V5: 2.52
V6: 3.15
V7: 3.15
Move selected: 6
NODE ADDED
TERMINAL NODE VALUE: 1
V1: 1.19
V2: 1.19
V3: 1.55
V4: 2.55
V5: 2.55
V6: 1.55
V7: 3.19
Move selected: 7
NODE ADDED
TERMINAL NODE VALUE: -1
V1: 1.23
V2: 1.23
V3: 1.58
V4: 2.58
V5: 2.58
V6: 1.58
V7: 2.58
Move selected: 4
NODE ADDED
TERMINAL NODE VALUE: -1
V1: 1.26
V2: 1.26
V3: 1.60
V4: 2.31
V5: 2.60
V6: 1.60
V7: 2.60
Move selected: 5
NODE ADDED
TERMINAL NODE VALUE: 1
V1: 1.30
V2: 1.30
V3: 1.62
V4: 2.33
V5: 1.66
V6: 1.62
V7: 2.62
Move selected: 7
NODE ADDED
TERMINAL NODE VALUE: -1
V1: 1.33
V2: 1.33
V3: 1.65
V4: 2.34
V5: 1.68
V6: 1.65
V7: 2.34
Move selected: 4
NODE ADDED
TERMINAL NODE VALUE: -1
V1: 1.35
V2: 1.35
V3: 1.67
V4: 2.18
V5: 1.69
V6: 1.67
V7: 2.36
Move selected: 7
NODE ADDED
TERMINAL NODE VALUE: 1
V1: 1.38
V2: 1.38
V3: 1.68
V4: 2.19
V5: 1.71
V6: 1.68
V7: 1.69
Move selected: 4
NODE ADDED
TERMINAL NODE VALUE: -1
V1: 1.40
V2: 1.40
V3: 1.70
V4: 2.08
V5: 1.72
V6: 1.70
V7: 1.70
Move selected: 4
NODE ADDED
TERMINAL NODE VALUE: -1
V1: 1.43
V2: 1.43
V3: 1.72
V4: 1.99
V5: 1.73
V6: 1.72
V7: 1.71
Move selected: 4
NODE ADDED
TERMINAL NODE VALUE: -1
V1: 1.45
V2: 1.45
V3: 1.73
V4: 1.93
V5: 1.75
V6: 1.73
V7: 1.72
V1: 0.97
V2: 0.97
V3: 0.97
V4: 0.97
V5: 0.97
V6: 0.97
V7: 0.97
Move selected: 1
NODE ADDED
TERMINAL NODE VALUE: -1
V1: 1.47
V2: 1.47
V3: 1.74
V4: 1.62
V5: 1.76
V6: 1.74
V7: 1.73
Move selected: 5
NODE ADDED
TERMINAL NODE VALUE: 1
V1: 1.49
V2: 1.49
V3: 1.76
V4: 1.63
V5: 1.24
V6: 1.76
V7: 1.74
Move selected: 3
NODE ADDED
TERMINAL NODE VALUE: -1
V1: 1.50
V2: 1.50
V3: 1.78
V4: 1.64
V5: 1.25
V6: 1.77
V7: 1.75
Move selected: 3
NODE ADDED
TERMINAL NODE VALUE: 1
V1: 1.52
V2: 1.52
V3: 1.26
V4: 1.64
V5: 1.26
V6: 1.78
V7: 1.76
Move selected: 6
NODE ADDED
TERMINAL NODE VALUE: 1
V1: 1.54
V2: 1.54
V3: 1.27
V4: 1.65
V5: 1.27
V6: 1.13
V7: 1.77
Move selected: 7
NODE ADDED
TERMINAL NODE VALUE: -1
V1: 1.55
V2: 1.55
V3: 1.28
V4: 1.65
V5: 1.28
V6: 1.14
V7: 1.74
Move selected: 7
NODE ADDED
TERMINAL NODE VALUE: 1
V1: 1.57
V2: 1.57
V3: 1.28
V4: 1.66
V5: 1.28
V6: 1.15
V7: 1.38
V1: 1.44
V2: 1.04
V3: 1.04
V4: 1.04
V5: 1.04
V6: 1.04
V7: 1.04
Move selected: 1
NODE ADDED
TERMINAL NODE VALUE: -1
V1: 1.58
V2: 1.58
V3: 1.29
V4: 1.42
V5: 1.29
V6: 1.16
V7: 1.39
Move selected: 1
NODE ADDED
TERMINAL NODE VALUE: 1
V1: 0.84
V2: 1.60
V3: 1.30
V4: 1.42
V5: 1.30
V6: 1.16
V7: 1.39
Move selected: 2
NODE ADDED
TERMINAL NODE VALUE: -1
V1: 0.84
V2: 1.84
V3: 1.30
V4: 1.42
V5: 1.30
V6: 1.17
V7: 1.40
Move selected: 2
NODE ADDED
TERMINAL NODE VALUE: -1
V1: 0.85
V2: 1.85
V3: 1.31
V4: 1.43
V5: 1.31
V6: 1.18
V7: 1.40
Move selected: 2
NODE ADDED
TERMINAL NODE VALUE: 1
V1: 0.86
V2: 1.32
V3: 1.32
V4: 1.43
V5: 1.32
V6: 1.19
V7: 1.41
V1: 1.54
V2: 1.10
V3: 1.10
V4: 1.10
V5: 1.10
V6: 1.10
V7: 1.10
Move selected: 1
NODE ADDED
TERMINAL NODE VALUE: -1
V1: 0.87
V2: 1.32
V3: 1.32
V4: 1.24
V5: 1.32
V6: 1.19
V7: 1.41
Move selected: 7
NODE ADDED
TERMINAL NODE VALUE: -1
V1: 0.88
V2: 1.33
V3: 1.33
V4: 1.24
V5: 1.33
V6: 1.20
V7: 1.43
V1: 0.97
V2: 0.97
V3: 0.97
V4: 2.97
V5: 0.97
V6: 2.97
V7: 0.97
Move selected: 4
NODE ADDED
TERMINAL NODE VALUE: 1
V1: 0.89
V2: 1.33
V3: 1.33
V4: 1.24
V5: 1.33
V6: 1.21
V7: 1.44
V1: 1.04
V2: 1.04
V3: 1.04
V4: 1.44
V5: 1.04
V6: 3.04
V7: 1.04
Move selected: 6
NODE ADDED
TERMINAL NODE VALUE: 1
V1: 0.89
V2: 1.34
V3: 1.34
V4: 1.25
V5: 1.34
V6: 1.21
V7: 1.45
V1: 1.10
V2: 1.10
V3: 1.10
V4: 1.48
V5: 1.10
V6: 1.48
V7: 1.10
Move selected: 4
NODE ADDED
TERMINAL NODE VALUE: 1
V1: 0.90
V2: 1.34
V3: 1.34
V4: 1.25
V5: 1.34
V6: 1.22
V7: 1.45
V1: 1.15
V2: 1.15
V3: 1.15
V4: 0.91
V5: 1.15
V6: 1.52
V7: 1.15
Move selected: 6
NODE ADDED
TERMINAL NODE VALUE: -1
V1: 0.91
V2: 1.35
V3: 1.35
V4: 1.25
V5: 1.35
V6: 1.22
V7: 1.27
Move selected: 2
NODE ADDED
TERMINAL NODE VALUE: -1
V1: 0.91
V2: 1.41
V3: 1.35
V4: 1.26
V5: 1.35
V6: 1.23
V7: 1.27
Move selected: 2
NODE ADDED
TERMINAL NODE VALUE: -1
V1: 0.92
V2: 1.44
V3: 1.36
V4: 1.26
V5: 1.36
V6: 1.23
V7: 1.27
Move selected: 2
NODE ADDED
TERMINAL NODE VALUE: 1
V1: 0.93
V2: 1.17
V3: 1.36
V4: 1.26
V5: 1.36
V6: 1.24
V7: 1.28
Move selected: 3
NODE ADDED
TERMINAL NODE VALUE: 1
V1: 0.93
V2: 1.18
V3: 1.02
V4: 1.26
V5: 1.37
V6: 1.25
V7: 1.28
Move selected: 5
NODE ADDED
TERMINAL NODE VALUE: 1
V1: 0.94
V2: 1.18
V3: 1.03
V4: 1.27
V5: 1.03
V6: 1.25
V7: 1.28
V1: 1.19
V2: 1.19
V3: 1.19
V4: 0.93
V5: 1.19
V6: 1.60
V7: 1.19
Move selected: 6
NODE ADDED
TERMINAL NODE VALUE: -1
V1: 0.95
V2: 1.18
V3: 1.03
V4: 1.27
V5: 1.03
V6: 1.25
V7: 1.13
V1: 1.57
V2: 1.15
V3: 1.15
V4: 1.15
V5: 1.15
V6: 1.15
V7: 1.15
Move selected: 1
NODE ADDED
TERMINAL NODE VALUE: -1
V1: 0.95
V2: 1.19
V3: 1.03
V4: 1.10
V5: 1.03
V6: 1.26
V7: 1.13
Move selected: 6
NODE ADDED
TERMINAL NODE VALUE: 1
V1: 0.96
V2: 1.19
V3: 1.04
V4: 1.11
V5: 1.04
V6: 0.88
V7: 1.13
V1: 2.97
V2: 0.97
V3: 0.97
V4: 2.97
V5: 0.97
V6: 0.97
V7: 2.97
Move selected: 1
NODE ADDED
TERMINAL NODE VALUE: -1
V1: 0.96
V2: 0.98
V3: 1.04
V4: 1.11
V5: 1.04
V6: 0.89
V7: 1.13
V1: 1.23
V2: 1.23
V3: 1.23
V4: 0.95
V5: 1.23
V6: 1.61
V7: 1.23
Move selected: 6
NODE ADDED
TERMINAL NODE VALUE: 1
V1: 0.97
V2: 0.98
V3: 1.04
V4: 1.11
V5: 1.04
V6: 0.89
V7: 1.16
V1: 1.26
V2: 1.26
V3: 1.26
V4: 0.97
V5: 1.26
V6: 1.21
V7: 1.26
Move selected: 1
NODE ADDED
TERMINAL NODE VALUE: 1
V1: 0.97
V2: 0.99
V3: 1.05
V4: 1.11
V5: 1.05
V6: 0.89
V7: 1.17
V1: 0.62
V2: 1.30
V3: 1.30
V4: 0.99
V5: 1.30
V6: 1.23
V7: 1.30
Move selected: 2
NODE ADDED
TERMINAL NODE VALUE: -1
V1: 0.98
V2: 0.99
V3: 1.05
V4: 1.12
V5: 1.05
V6: 0.90
V7: 1.06
V1: 1.58
V2: 1.19
V3: 1.19
V4: 1.19
V5: 1.19
V6: 1.19
V7: 1.19
Move selected: 1
NODE ADDED
TERMINAL NODE VALUE: 1
V1: 0.98
V2: 0.99
V3: 1.05
V4: 1.14
V5: 1.05
V6: 0.90
V7: 1.06
V1: 1.24
V2: 1.23
V3: 1.23
V4: 1.23
V5: 1.23
V6: 1.23
V7: 1.23
Move selected: 1
NODE ADDED
TERMINAL NODE VALUE: -1
V1: 0.99
V2: 0.99
V3: 1.06
V4: 1.01
V5: 1.06
V6: 0.91
V7: 1.06
V1: 0.65
V2: 1.65
V3: 1.33
V4: 1.01
V5: 1.33
V6: 1.24
V7: 1.33
Move selected: 2
NODE ADDED
TERMINAL NODE VALUE: 1
V1: 0.99
V2: 1.00
V3: 1.06
V4: 1.01
V5: 1.06
V6: 0.91
V7: 1.08
V1: 0.67
V2: 1.03
V3: 1.35
V4: 1.03
V5: 1.35
V6: 1.25
V7: 1.35
Move selected: 3
NODE ADDED
TERMINAL NODE VALUE: -1
V1: 1.00
V2: 1.00
V3: 1.06
V4: 1.01
V5: 1.06
V6: 0.91
V7: 0.98
Move selected: 3
NODE ADDED
TERMINAL NODE VALUE: -1
V1: 1.00
V2: 1.00
V3: 1.16
V4: 1.02
V5: 1.07
V6: 0.92
V7: 0.98
Move selected: 3
NODE ADDED
TERMINAL NODE VALUE: 0
V1: 1.01
V2: 1.00
V3: 1.07
V4: 1.02
V5: 1.07
V6: 0.92
V7: 0.98
V1: 0.97
V2: 2.97
V3: 0.97
V4: 2.97
V5: 2.97
V6: 0.97
V7: 1.97
Move selected: 2
NODE ADDED
TERMINAL NODE VALUE: -1
V1: 1.01
V2: 1.01
V3: 0.88
V4: 1.02
V5: 1.07
V6: 0.92
V7: 0.98
Move selected: 5
NODE ADDED
TERMINAL NODE VALUE: -1
V1: 1.02
V2: 1.01
V3: 0.88
V4: 1.02
V5: 1.16
V6: 0.92
V7: 0.99
Move selected: 5
NODE ADDED
TERMINAL NODE VALUE: 1
V1: 1.02
V2: 1.01
V3: 0.88
V4: 1.02
V5: 0.94
V6: 0.93
V7: 0.99
V1: 1.28
V2: 1.26
V3: 1.26
V4: 1.26
V5: 1.26
V6: 1.26
V7: 1.26
Move selected: 1
NODE ADDED
TERMINAL NODE VALUE: -1
V1: 1.02
V2: 1.01
V3: 0.89
V4: 0.91
V5: 0.94
V6: 0.93
V7: 0.99
Move selected: 1
NODE ADDED
TERMINAL NODE VALUE: 1
V1: 0.66
V2: 1.01
V3: 0.89
V4: 0.91
V5: 0.94
V6: 0.93
V7: 0.99
V1: 2.44
V2: 1.04
V3: 1.04
V4: 3.04
V5: 1.04
V6: 1.04
V7: 3.04
Move selected: 4
NODE ADDED
TERMINAL NODE VALUE: 1
V1: 0.66
V2: 1.07
V3: 0.89
V4: 0.91
V5: 0.94
V6: 0.94
V7: 0.99
V1: 2.48
V2: 1.10
V3: 1.10
V4: 1.48
V5: 1.10
V6: 1.10
V7: 3.10
Move selected: 7
NODE ADDED
TERMINAL NODE VALUE: 1
V1: 0.66
V2: 1.11
V3: 0.89
V4: 0.91
V5: 0.95
V6: 0.94
V7: 0.99
V1: 2.52
V2: 1.15
V3: 1.15
V4: 1.52
V5: 1.15
V6: 1.15
V7: 1.52
Move selected: 1
NODE ADDED
TERMINAL NODE VALUE: 1
V1: 0.67
V2: 1.14
V3: 0.89
V4: 0.91
V5: 0.95
V6: 0.94
V7: 0.99
V1: 1.60
V2: 1.19
V3: 1.19
V4: 1.55
V5: 1.19
V6: 1.19
V7: 1.55
Move selected: 1
NODE ADDED
TERMINAL NODE VALUE: -1
V1: 0.67
V2: 1.00
V3: 0.90
V4: 0.92
V5: 0.95
V6: 0.94
V7: 0.99
V1: 1.61
V2: 1.23
V3: 1.23
V4: 1.58
V5: 1.23
V6: 1.23
V7: 1.58
Move selected: 1
NODE ADDED
TERMINAL NODE VALUE: 1
V1: 0.67
V2: 1.03
V3: 0.90
V4: 0.92
V5: 0.95
V6: 0.95
V7: 1.00
V1: 1.21
V2: 1.26
V3: 1.26
V4: 1.60
V5: 1.26
V6: 1.26
V7: 1.60
Move selected: 4
NODE ADDED
TERMINAL NODE VALUE: 1
V1: 0.67
V2: 1.06
V3: 0.90
V4: 0.92
V5: 0.95
V6: 0.95
V7: 1.00
V1: 1.23
V2: 1.30
V3: 1.30
V4: 0.99
V5: 1.30
V6: 1.30
V7: 1.62
Move selected: 7
NODE ADDED
TERMINAL NODE VALUE: 1
V1: 0.68
V2: 1.08
V3: 0.90
V4: 0.92
V5: 0.96
V6: 0.95
V7: 1.00
V1: 1.24
V2: 1.33
V3: 1.33
V4: 1.01
V5: 1.33
V6: 1.33
V7: 1.01
Move selected: 2
NODE ADDED
TERMINAL NODE VALUE: -1
V1: 0.68
V2: 0.98
V3: 0.90
V4: 0.92
V5: 0.96
V6: 0.96
V7: 1.00
V1: 0.68
V2: 1.04
V3: 1.68
V4: 1.04
V5: 1.38
V6: 1.26
V7: 1.38
Move selected: 3
NODE ADDED
TERMINAL NODE VALUE: 1
V1: 0.68
V2: 0.98
V3: 0.91
V4: 0.92
V5: 0.96
V6: 0.96
V7: 1.02
V1: 0.70
V2: 1.05
V3: 1.05
V4: 1.05
V5: 1.40
V6: 1.28
V7: 1.40
Move selected: 5
NODE ADDED
TERMINAL NODE VALUE: 1
V1: 0.69
V2: 0.98
V3: 0.91
V4: 0.92
V5: 0.96
V6: 0.96
V7: 1.04
V1: 0.72
V2: 1.07
V3: 1.07
V4: 1.07
V5: 0.72
V6: 1.29
V7: 1.43
Move selected: 7
NODE ADDED
TERMINAL NODE VALUE: -1
V1: 0.69
V2: 0.98
V3: 0.91
V4: 0.92
V5: 0.96
V6: 0.96
V7: 0.95
V1: 1.25
V2: 1.67
V3: 1.35
V4: 1.03
V5: 1.35
V6: 1.35
V7: 1.03
Move selected: 2
NODE ADDED
TERMINAL NODE VALUE: -1
V1: 0.69
V2: 0.89
V3: 0.91
V4: 0.93
V5: 0.96
V6: 0.96
V7: 0.96
Move selected: 6
NODE ADDED
TERMINAL NODE VALUE: 1
V1: 0.69
V2: 0.89
V3: 0.91
V4: 0.93
V5: 0.97
V6: 0.71
V7: 0.96
V1: 0.97
V2: 0.97
V3: 2.97
V4: 2.97
V5: 2.97
V6: 0.97
V7: 2.97
Move selected: 3
NODE ADDED
TERMINAL NODE VALUE: 1
V1: 0.70
V2: 0.89
V3: 0.91
V4: 0.93
V5: 1.04
V6: 0.71
V7: 0.96
V1: 1.04
V2: 1.04
V3: 1.44
V4: 3.04
V5: 3.04
V6: 1.04
V7: 3.04
Move selected: 4
NODE ADDED
TERMINAL NODE VALUE: -1
V1: 0.70
V2: 0.89
V3: 0.92
V4: 0.93
V5: 0.87
V6: 0.72
V7: 0.96
V1: 0.73
V2: 1.08
V3: 1.08
V4: 1.08
V5: 0.73
V6: 1.29
V7: 1.73
Move selected: 7
NODE ADDED
TERMINAL NODE VALUE: -1
V1: 0.70
V2: 0.89
V3: 0.92
V4: 0.93
V5: 0.87
V6: 0.72
V7: 0.88
V1: 1.31
V2: 1.30
V3: 1.30
V4: 1.30
V5: 1.30
V6: 1.30
V7: 1.30
V1: 1.04
V2: 1.04
V3: 1.04
V4: 1.04
V5: 3.04
V6: 1.04
V7: 1.04
Move selected: 5
NODE ADDED
TERMINAL NODE VALUE: -1
V1: 0.70
V2: 0.89
V3: 0.92
V4: 0.96
V5: 0.87
V6: 0.72
V7: 0.88
V1: 1.11
V2: 1.33
V3: 1.33
V4: 1.33
V5: 1.33
V6: 1.33
V7: 1.33
Move selected: 2
NODE ADDED
TERMINAL NODE VALUE: 1
V1: 0.71
V2: 0.89
V3: 0.92
V4: 0.99
V5: 0.87
V6: 0.72
V7: 0.88
V1: 1.12
V2: 0.67
V3: 1.35
V4: 1.35
V5: 1.35
V6: 1.35
V7: 1.35
Move selected: 3
NODE ADDED
TERMINAL NODE VALUE: 1
V1: 0.71
V2: 0.89
V3: 0.92
V4: 1.01
V5: 0.88
V6: 0.72
V7: 0.88
V1: 1.13
V2: 0.68
V3: 0.68
V4: 1.38
V5: 1.38
V6: 1.38
V7: 1.38
Move selected: 4
NODE ADDED
TERMINAL NODE VALUE: 1
V1: 0.71
V2: 0.90
V3: 0.92
V4: 1.03
V5: 0.88
V6: 0.73
V7: 0.89
V1: 1.13
V2: 0.70
V3: 0.70
V4: 0.70
V5: 1.40
V6: 1.40
V7: 1.40
Move selected: 5
NODE ADDED
TERMINAL NODE VALUE: 1
V1: 0.71
V2: 0.90
V3: 0.92
V4: 1.05
V5: 0.88
V6: 0.73
V7: 0.89
V1: 1.14
V2: 0.72
V3: 0.72
V4: 0.72
V5: 0.72
V6: 1.43
V7: 1.43
Move selected: 6
NODE ADDED
TERMINAL NODE VALUE: 1
V1: 0.72
V2: 0.90
V3: 0.93
V4: 1.06
V5: 0.88
V6: 0.73
V7: 0.89
V1: 1.15
V2: 0.73
V3: 0.73
V4: 0.73
V5: 0.73
V6: 0.73
V7: 1.45
Move selected: 7
NODE ADDED
TERMINAL NODE VALUE: 1
V1: 0.72
V2: 0.90
V3: 0.93
V4: 1.08
V5: 0.88
V6: 0.73
V7: 0.89
V1: 1.16
V2: 0.74
V3: 0.74
V4: 0.74
V5: 0.74
V6: 0.74
V7: 0.74
V1: 1.10
V2: 1.10
V3: 1.10
V4: 1.10
V5: 2.48
V6: 1.10
V7: 1.10
Move selected: 5
NODE ADDED
TERMINAL NODE VALUE: 1
V1: 0.72
V2: 0.90
V3: 0.93
V4: 1.00
V5: 0.88
V6: 0.73
V7: 0.89
V1: 1.19
V2: 0.76
V3: 0.76
V4: 0.76
V5: 0.76
V6: 0.76
V7: 0.76
V1: 1.15
V2: 1.15
V3: 1.15
V4: 1.15
V5: 1.57
V6: 1.15
V7: 1.15
Move selected: 5
NODE ADDED
TERMINAL NODE VALUE: -1
V1: 0.72
V2: 0.90
V3: 0.93
V4: 1.01
V5: 0.88
V6: 0.73
V7: 0.89
V1: 1.03
V2: 0.77
V3: 0.77
V4: 0.77
V5: 0.77
V6: 0.77
V7: 0.77
V1: 1.19
V2: 1.19
V3: 1.19
V4: 1.19
V5: 1.59
V6: 1.19
V7: 1.19
Move selected: 5
NODE ADDED
TERMINAL NODE VALUE: -1
V1: 0.73
V2: 0.90
V3: 0.93
V4: 1.03
V5: 0.89
V6: 0.74
V7: 0.89
V1: 0.89
V2: 0.78
V3: 0.78
V4: 0.78
V5: 0.78
V6: 0.78
V7: 0.78
V1: 1.23
V2: 1.23
V3: 1.23
V4: 1.23
V5: 1.60
V6: 1.23
V7: 1.23
Move selected: 5
NODE ADDED
TERMINAL NODE VALUE: -1
V1: 0.73
V2: 0.90
V3: 0.93
V4: 1.04
V5: 0.89
V6: 0.74
V7: 0.89
V1: 0.78
V2: 0.79
V3: 0.79
V4: 0.79
V5: 0.79
V6: 0.79
V7: 0.79
Move selected: 2
NODE ADDED
TERMINAL NODE VALUE: -1
V1: 0.73
V2: 0.90
V3: 0.93
V4: 0.97
V5: 0.89
V6: 0.74
V7: 0.89
V1: 0.78
V2: 1.14
V3: 0.81
V4: 0.81
V5: 0.81
V6: 0.81
V7: 0.81
Move selected: 2
NODE ADDED
TERMINAL NODE VALUE: -1
V1: 0.73
V2: 0.90
V3: 0.94
V4: 0.91
V5: 0.89
V6: 0.74
V7: 0.89
V1: 1.04
V2: 2.44
V3: 1.04
V4: 3.04
V5: 3.04
V6: 1.04
V7: 2.04
Move selected: 4
NODE ADDED
TERMINAL NODE VALUE: 1
V1: 0.73
V2: 0.90
V3: 1.00
V4: 0.91
V5: 0.89
V6: 0.74
V7: 0.89
V1: 1.10
V2: 2.48
V3: 1.10
V4: 1.48
V5: 3.10
V6: 1.10
V7: 2.10
Move selected: 5
NODE ADDED
TERMINAL NODE VALUE: 1
V1: 0.74
V2: 0.91
V3: 1.05
V4: 0.91
V5: 0.89
V6: 0.74
V7: 0.89
V1: 1.15
V2: 2.52
V3: 1.15
V4: 1.52
V5: 1.52
V6: 1.15
V7: 2.15
Move selected: 2
NODE ADDED
TERMINAL NODE VALUE: 1
V1: 0.74
V2: 0.91
V3: 1.09
V4: 0.91
V5: 0.89
V6: 0.75
V7: 0.90
V1: 1.19
V2: 1.60
V3: 1.19
V4: 1.55
V5: 1.55
V6: 1.19
V7: 2.19
Move selected: 7
NODE ADDED
TERMINAL NODE VALUE: 1
V1: 0.74
V2: 0.91
V3: 1.12
V4: 0.91
V5: 0.89
V6: 0.75
V7: 0.90
V1: 1.23
V2: 1.62
V3: 1.23
V4: 1.58
V5: 1.58
V6: 1.23
V7: 1.08
Move selected: 2
NODE ADDED
TERMINAL NODE VALUE: 1
V1: 0.74
V2: 0.91
V3: 1.14
V4: 0.91
V5: 0.89
V6: 0.75
V7: 0.90
V1: 1.26
V2: 1.13
V3: 1.26
V4: 1.60
V5: 1.60
V6: 1.26
V7: 1.10
Move selected: 4
NODE ADDED
TERMINAL NODE VALUE: 1
V1: 0.74
V2: 0.91
V3: 1.16
V4: 0.91
V5: 0.90
V6: 0.75
V7: 0.90
V1: 1.30
V2: 1.15
V3: 1.30
V4: 0.99
V5: 1.62
V6: 1.30
V7: 1.12
Move selected: 5
NODE ADDED
TERMINAL NODE VALUE: -1
V1: 0.75
V2: 0.91
V3: 1.05
V4: 0.92
V5: 0.90
V6: 0.75
V7: 0.90
V1: 1.33
V2: 1.16
V3: 1.33
V4: 1.01
V5: 1.68
V6: 1.33
V7: 1.15
Move selected: 5
NODE ADDED
TERMINAL NODE VALUE: 1
V1: 0.75
V2: 0.91
V3: 1.07
V4: 0.92
V5: 0.90
V6: 0.75
V7: 0.90
V1: 1.35
V2: 1.18
V3: 1.35
V4: 1.03
V5: 1.18
V6: 1.35
V7: 1.17
Move selected: 1
NODE ADDED
TERMINAL NODE VALUE: 1
V1: 0.75
V2: 0.91
V3: 1.09
V4: 0.92
V5: 0.90
V6: 0.76
V7: 0.90
V1: 0.68
V2: 1.19
V3: 1.38
V4: 1.04
V5: 1.19
V6: 1.38
V7: 1.18
Move selected: 3
NODE ADDED
TERMINAL NODE VALUE: 1
Column 1: 1.00
Column 2: -0.18
Column 3: -0.39
Column 4: -0.33
Column 5: 0.11
Column 6: 0.60
Column 7: -0.24
FINAL Move selected: 1
