Column 1: 0.13
Column 2: 0.14
Column 3: 0.14
Column 4: 0.10
Column 5: 0.13
Column 6: 0.26
Column 7: -0.23
FINAL Move selected: 6
