Starting Connect Four game with Uniform Random strategy...
OOOOOOO
OOOOOOO
OOOOOOO
OOOOOOO
OOOOOOO
OOOOOOO

R played column 1
OOOOOOO
OOOOOOO
OOOOOOO
OOOOOOO
OOOOOOO
ROOOOOO

Y played column 2
OOOOOOO
OOOOOOO
OOOOOOO
OOOOOOO
OOOOOOO
RYOOOOO

R played column 6
OOOOOOO
OOOOOOO
OOOOOOO
OOOOOOO
OOOOOOO
RYOOORO

Y played column 4
OOOOOOO
OOOOOOO
OOOOOOO
OOOOOOO
OOOOOOO
RYOYORO

R played column 4
OOOOOOO
OOOOOOO
OOOOOOO
OOOOOOO
OOOROOO
RYOYORO

Y played column 2
OOOOOOO
OOOOOOO
OOOOOOO
OOOOOOO
OYOROOO
RYOYORO

R played column 3
OOOOOOO
OOOOOOO
OOOOOOO
OOOOOOO
OYOROOO
RYRYORO

Y played column 3
OOOOOOO
OOOOOOO
OOOOOOO
OOOOOOO
OYYROOO
RYRYORO

R played column 7
OOOOOOO
OOOOOOO
OOOOOOO
OOOOOOO
OYYROOO
RYRYORR

Y played column 4
OOOOOOO
OOOOOOO
OOOOOOO
OOOYOOO
OYYROOO
RYRYORR

R played column 4
OOOOOOO
OOOOOOO
OOOROOO
OOOYOOO
OYYROOO
RYRYORR

Y played column 1
OOOOOOO
OOOOOOO
OOOROOO
OOOYOOO
YYYROOO
RYRYORR

R played column 1
OOOOOOO
OOOOOOO
OOOROOO
ROOYOOO
YYYROOO
RYRYORR

Y played column 4
OOOOOOO
OOOYOOO
OOOROOO
ROOYOOO
YYYROOO
RYRYORR

R played column 1
OOOOOOO
OOOYOOO
ROOROOO
ROOYOOO
YYYROOO
RYRYORR

Y played column 1
OOOOOOO
YOOYOOO
ROOROOO
ROOYOOO
YYYROOO
RYRYORR

R played column 7
OOOOOOO
YOOYOOO
ROOROOO
ROOYOOO
YYYROOR
RYRYORR

Y played column 6
OOOOOOO
YOOYOOO
ROOROOO
ROOYOOO
YYYROYR
RYRYORR

R played column 2
OOOOOOO
YOOYOOO
ROOROOO
RROYOOO
YYYROYR
RYRYORR

Y played column 1
YOOOOOO
YOOYOOO
ROOROOO
RROYOOO
YYYROYR
RYRYORR

R played column 4
YOOROOO
YOOYOOO
ROOROOO
RROYOOO
YYYROYR
RYRYORR

Y played column 6
YOOROOO
YOOYOOO
ROOROOO
RROYOYO
YYYROYR
RYRYORR

R played column 7
YOOROOO
YOOYOOO
ROOROOO
RROYOYR
YYYROYR
RYRYORR

Y played column 5
YOOROOO
YOOYOOO
ROOROOO
RROYOYR
YYYROYR
RYRYYRR

R played column 3
YOOROOO
YOOYOOO
ROOROOO
RRRYOYR
YYYROYR
RYRYYRR

Y played column 7
YOOROOO
YOOYOOO
ROOROOY
RRRYOYR
YYYROYR
RYRYYRR

R played column 7
YOOROOO
YOOYOOR
ROOROOY
RRRYOYR
YYYROYR
RYRYYRR

Y played column 7
YOOROOY
YOOYOOR
ROOROOY
RRRYOYR
YYYROYR
RYRYYRR

R played column 6
YOOROOY
YOOYOOR
ROORORY
RRRYOYR
YYYROYR
RYRYYRR

Y played column 6
YOOROOY
YOOYOYR
ROORORY
RRRYOYR
YYYROYR
RYRYYRR

R played column 3
YOOROOY
YOOYOYR
RORRORY
RRRYOYR
YYYROYR
RYRYYRR

Y played column 3
YOOROOY
YOYYOYR
RORRORY
RRRYOYR
YYYROYR
RYRYYRR

R played column 6
YOORORY
YOYYOYR
RORRORY
RRRYOYR
YYYROYR
RYRYYRR

Y played column 2
YOORORY
YOYYOYR
RYRRORY
RRRYOYR
YYYROYR
RYRYYRR

R played column 5
YOORORY
YOYYOYR
RYRRORY
RRRYOYR
YYYRRYR
RYRYYRR

Y played column 5
YOORORY
YOYYOYR
RYRRORY
RRRYYYR
YYYRRYR
RYRYYRR

R played column 3
YORRORY
YOYYOYR
RYRRORY
RRRYYYR
YYYRRYR
RYRYYRR
FINAL Move selected: 5
Total moves played: 38
Final result: Y wins
